nohup: ignoring input
Denoise Test: kan_multitask_norm_balanced on GPU 3
数据集路径: /mnt/tidal-sh01/usr/chuan/youling/project/dataset/T60_Dataset_v7_4s
已加载模型: /mnt/tidal-sh01/usr/chuan/youling/project/11/multitask-experiments/kan-multitask/scripts/../runs/kan_multitask_norm_balanced/best_model.pth

============================================================
评估去噪 test1
============================================================
  100/1080 样本已处理
  200/1080 样本已处理
  300/1080 样本已处理
  400/1080 样本已处理
  500/1080 样本已处理
  600/1080 样本已处理
  700/1080 样本已处理
  800/1080 样本已处理
  900/1080 样本已处理
  1000/1080 样本已处理
  增强:  PESQ=3.207 | STOI=0.903 | SI-SDR=19.94 dB
  输入:  PESQ=2.721 | STOI=0.846 | SI-SDR=15.94 dB
  提升:  PESQ=+0.486 | STOI=+0.057 | SI-SDR=+3.99 dB

============================================================
评估去噪 test2
============================================================
  100/1080 样本已处理
  200/1080 样本已处理
  300/1080 样本已处理
  400/1080 样本已处理
  500/1080 样本已处理
  600/1080 样本已处理
  700/1080 样本已处理
  800/1080 样本已处理
  900/1080 样本已处理
  1000/1080 样本已处理
  增强:  PESQ=3.199 | STOI=0.906 | SI-SDR=19.97 dB
  输入:  PESQ=2.703 | STOI=0.850 | SI-SDR=15.90 dB
  提升:  PESQ=+0.496 | STOI=+0.056 | SI-SDR=+4.07 dB

============================================================
评估去噪 test3
============================================================
  100/1080 样本已处理
  200/1080 样本已处理
  300/1080 样本已处理
  400/1080 样本已处理
  500/1080 样本已处理
  600/1080 样本已处理
  700/1080 样本已处理
  800/1080 样本已处理
  900/1080 样本已处理
  1000/1080 样本已处理
  增强:  PESQ=3.157 | STOI=0.906 | SI-SDR=19.55 dB
  输入:  PESQ=2.736 | STOI=0.844 | SI-SDR=15.91 dB
  提升:  PESQ=+0.421 | STOI=+0.062 | SI-SDR=+3.65 dB

============================================================
评估去噪 test4
============================================================
  100/1080 样本已处理
  200/1080 样本已处理
  300/1080 样本已处理
  400/1080 样本已处理
  500/1080 样本已处理
  600/1080 样本已处理
  700/1080 样本已处理
  800/1080 样本已处理
  900/1080 样本已处理
  1000/1080 样本已处理
  增强:  PESQ=3.151 | STOI=0.912 | SI-SDR=19.69 dB
  输入:  PESQ=2.724 | STOI=0.850 | SI-SDR=15.90 dB
  提升:  PESQ=+0.428 | STOI=+0.063 | SI-SDR=+3.79 dB

============================================================
四测试集平均
============================================================
  增强:  PESQ=3.179 | STOI=0.907 | SI-SDR=19.79 dB
  输入:  PESQ=2.721 | STOI=0.847 | SI-SDR=15.91 dB
  提升:  PESQ=+0.458 | STOI=+0.059 | SI-SDR=+3.88 dB

结果已保存: /mnt/tidal-sh01/usr/chuan/youling/project/11/multitask-experiments/kan-multitask/scripts/../runs/kan_multitask_norm_balanced/test_denoise/denoise_evaluation.json
去噪测试完成: kan_multitask_norm_balanced
