nohup: ignoring input
Denoise Test: kan_multitask_norm_w_t60 on GPU 5
数据集路径: /mnt/tidal-sh01/usr/chuan/youling/project/dataset/T60_Dataset_v7_4s
已加载模型: /mnt/tidal-sh01/usr/chuan/youling/project/11/multitask-experiments/kan-multitask/scripts/../runs/kan_multitask_norm_w_t60/best_model.pth

============================================================
评估去噪 test1
============================================================
  100/1080 样本已处理
  200/1080 样本已处理
  300/1080 样本已处理
  400/1080 样本已处理
  500/1080 样本已处理
  600/1080 样本已处理
  700/1080 样本已处理
  800/1080 样本已处理
  900/1080 样本已处理
  1000/1080 样本已处理
  增强:  PESQ=3.104 | STOI=0.888 | SI-SDR=19.01 dB
  输入:  PESQ=2.721 | STOI=0.846 | SI-SDR=15.94 dB
  提升:  PESQ=+0.383 | STOI=+0.042 | SI-SDR=+3.07 dB

============================================================
评估去噪 test2
============================================================
  100/1080 样本已处理
  200/1080 样本已处理
  300/1080 样本已处理
  400/1080 样本已处理
  500/1080 样本已处理
  600/1080 样本已处理
  700/1080 样本已处理
  800/1080 样本已处理
  900/1080 样本已处理
  1000/1080 样本已处理
  增强:  PESQ=3.097 | STOI=0.890 | SI-SDR=19.08 dB
  输入:  PESQ=2.703 | STOI=0.850 | SI-SDR=15.90 dB
  提升:  PESQ=+0.394 | STOI=+0.041 | SI-SDR=+3.17 dB

============================================================
评估去噪 test3
============================================================
  100/1080 样本已处理
  200/1080 样本已处理
  300/1080 样本已处理
  400/1080 样本已处理
  500/1080 样本已处理
  600/1080 样本已处理
  700/1080 样本已处理
  800/1080 样本已处理
  900/1080 样本已处理
  1000/1080 样本已处理
  增强:  PESQ=3.059 | STOI=0.890 | SI-SDR=18.51 dB
  输入:  PESQ=2.736 | STOI=0.844 | SI-SDR=15.91 dB
  提升:  PESQ=+0.323 | STOI=+0.046 | SI-SDR=+2.60 dB

============================================================
评估去噪 test4
============================================================
