nohup: ignoring input
Test kan_multitask_norm_w_denoise on GPU 2
数据集路径: /mnt/tidal-sh01/usr/chuan/youling/project/dataset/T60_Dataset_v7_4s
T60 head 类型: fourier_kan (multi-task forward)
已加载模型: /mnt/tidal-sh01/usr/chuan/youling/project/11/multitask-experiments/kan-multitask/scripts/../runs/kan_multitask_norm_w_denoise/best_model.pth

============================================================
评估 test1
============================================================
  RMSE: 96.77 ms | MAE: 54.92 ms | Pearson r: 0.9594 | R²: 0.9192

============================================================
评估 test2
============================================================
  RMSE: 102.32 ms | MAE: 62.11 ms | Pearson r: 0.9558 | R²: 0.9097

============================================================
评估 test3
============================================================
  RMSE: 94.85 ms | MAE: 57.32 ms | Pearson r: 0.9624 | R²: 0.9227

============================================================
评估 test4
============================================================
  RMSE: 97.21 ms | MAE: 57.46 ms | Pearson r: 0.9592 | R²: 0.9174

============================================================
四测试集平均
============================================================
  RMSE: 97.79 ms | MAE: 57.95 ms | Pearson r: 0.9592 | R²: 0.9172
测试完成: kan_multitask_norm_w_denoise
