nohup: ignoring input
Test kan_multitask_norm_w_t60 on GPU 6
数据集路径: /mnt/tidal-sh01/usr/chuan/youling/project/dataset/T60_Dataset_v7_4s
T60 head 类型: fourier_kan (multi-task forward)
已加载模型: /mnt/tidal-sh01/usr/chuan/youling/project/11/multitask-experiments/kan-multitask/scripts/../runs/kan_multitask_norm_w_t60/best_model.pth

============================================================
评估 test1
============================================================
  RMSE: 103.02 ms | MAE: 64.43 ms | Pearson r: 0.9545 | R²: 0.9084

============================================================
评估 test2
============================================================
  RMSE: 113.00 ms | MAE: 70.88 ms | Pearson r: 0.9441 | R²: 0.8899

============================================================
评估 test3
============================================================
  RMSE: 111.77 ms | MAE: 69.02 ms | Pearson r: 0.9471 | R²: 0.8926

============================================================
评估 test4
============================================================
  RMSE: 110.36 ms | MAE: 68.26 ms | Pearson r: 0.9467 | R²: 0.8935

============================================================
四测试集平均
============================================================
  RMSE: 109.54 ms | MAE: 68.15 ms | Pearson r: 0.9481 | R²: 0.8961
测试完成: kan_multitask_norm_w_t60
