nohup: ignoring input
Test kan_multitask_norm_balanced on GPU 4
数据集路径: /mnt/tidal-sh01/usr/chuan/youling/project/dataset/T60_Dataset_v7_4s
T60 head 类型: fourier_kan (multi-task forward)
已加载模型: /mnt/tidal-sh01/usr/chuan/youling/project/11/multitask-experiments/kan-multitask/scripts/../runs/kan_multitask_norm_balanced/best_model.pth

============================================================
评估 test1
============================================================
  RMSE: 107.24 ms | MAE: 63.89 ms | Pearson r: 0.9503 | R²: 0.9008

============================================================
评估 test2
============================================================
  RMSE: 109.20 ms | MAE: 68.87 ms | Pearson r: 0.9486 | R²: 0.8972

============================================================
评估 test3
============================================================
  RMSE: 113.78 ms | MAE: 69.79 ms | Pearson r: 0.9450 | R²: 0.8887

============================================================
评估 test4
============================================================
  RMSE: 109.39 ms | MAE: 66.08 ms | Pearson r: 0.9472 | R²: 0.8954

============================================================
四测试集平均
============================================================
  RMSE: 109.90 ms | MAE: 67.16 ms | Pearson r: 0.9478 | R²: 0.8955
测试完成: kan_multitask_norm_balanced
