Device: cuda:2
Dataset: test1, using 500 samples

Extracting features: single_task...

Extracting features: w_denoise...

Extracting features: w_balanced...

Extracting features: w_t60...

[Linear Probe]
    [single_task] encoder: R²=0.3896
    [single_task] tscb_1: R²=0.6779
    [single_task] tscb_2: R²=0.6494
    [w_denoise] encoder: R²=0.4202
    [w_denoise] tscb_1: R²=0.5227
    [w_denoise] tscb_2: R²=0.5809
    [w_balanced] encoder: R²=0.2585
    [w_balanced] tscb_1: R²=0.4921
    [w_balanced] tscb_2: R²=0.5925
    [w_t60] encoder: R²=0.0324
    [w_t60] tscb_1: R²=0.3760
    [w_t60] tscb_2: R²=0.6054
  Saved: figures/representation/linear_probe.png

[t-SNE]
  Running t-SNE on layer=tscb_2 (n_samples=500)...
  Saved: figures/representation/tsne_tscb_2.png
  Running t-SNE on layer=encoder (n_samples=500)...
  Saved: figures/representation/tsne_encoder.png

[CKA]
  Computing CKA...
    CKA single_task vs w_denoise @ encoder: 0.9593
    CKA single_task vs w_denoise @ tscb_1: 0.6155
    CKA single_task vs w_denoise @ tscb_2: 0.4678
    CKA single_task vs w_balanced @ encoder: 0.9779
    CKA single_task vs w_balanced @ tscb_1: 0.7060
    CKA single_task vs w_balanced @ tscb_2: 0.7318
    CKA single_task vs w_t60 @ encoder: 0.9905
    CKA single_task vs w_t60 @ tscb_1: 0.8554
    CKA single_task vs w_t60 @ tscb_2: 0.7992
  Saved: figures/representation/cka_heatmap.png

Done. All figures saved to: figures/representation/
