Device: cuda:2; seeds=5 (base 42); ridge alpha=1.0

[test1] 1080 utterances
  Loading cached probe features: test1__single_task.npz
  Loading cached probe features: test1__norm_w_denoise.npz
  Loading cached probe features: test1__norm_balanced.npz
  Loading cached probe features: test1__norm_w_t60.npz

[test2] 1080 utterances
  Loading cached probe features: test2__single_task.npz
  Loading cached probe features: test2__norm_w_denoise.npz
  Loading cached probe features: test2__norm_balanced.npz
  Loading cached probe features: test2__norm_w_t60.npz

[test3] 1080 utterances
  Loading cached probe features: test3__single_task.npz
  Loading cached probe features: test3__norm_w_denoise.npz
  Loading cached probe features: test3__norm_balanced.npz
  Loading cached probe features: test3__norm_w_t60.npz

[test4] 1080 utterances
  Loading cached probe features: test4__single_task.npz
  Loading cached probe features: test4__norm_w_denoise.npz
  Loading cached probe features: test4__norm_balanced.npz
  Loading cached probe features: test4__norm_w_t60.npz

Pooled 80/20 probe (mean over seeds)
  pooled/mean/encoder/single_task: R2 = 0.5129 +/- 0.0130
  pooled/mean/encoder/norm_w_denoise: R2 = 0.5010 +/- 0.0096
  pooled/mean/encoder/norm_balanced: R2 = 0.4908 +/- 0.0133
  pooled/mean/encoder/norm_w_t60: R2 = 0.5130 +/- 0.0074
  pooled/mean/tscb_1/single_task: R2 = 0.6434 +/- 0.0119
  pooled/mean/tscb_1/norm_w_denoise: R2 = 0.5927 +/- 0.0139
  pooled/mean/tscb_1/norm_balanced: R2 = 0.6225 +/- 0.0096
  pooled/mean/tscb_1/norm_w_t60: R2 = 0.6571 +/- 0.0119
  pooled/mean/tscb_2/single_task: R2 = 0.7385 +/- 0.0095
  pooled/mean/tscb_2/norm_w_denoise: R2 = 0.6631 +/- 0.0068
  pooled/mean/tscb_2/norm_balanced: R2 = 0.6921 +/- 0.0139
  pooled/mean/tscb_2/norm_w_t60: R2 = 0.7331 +/- 0.0102
  pooled/multistats/encoder/single_task: R2 = 0.5552 +/- 0.0178
  pooled/multistats/encoder/norm_w_denoise: R2 = 0.5537 +/- 0.0082
  pooled/multistats/encoder/norm_balanced: R2 = 0.5433 +/- 0.0122
  pooled/multistats/encoder/norm_w_t60: R2 = 0.5429 +/- 0.0128
  pooled/multistats/tscb_1/single_task: R2 = 0.6681 +/- 0.0130
  pooled/multistats/tscb_1/norm_w_denoise: R2 = 0.6217 +/- 0.0113
  pooled/multistats/tscb_1/norm_balanced: R2 = 0.6756 +/- 0.0090
  pooled/multistats/tscb_1/norm_w_t60: R2 = 0.6863 +/- 0.0050
  pooled/multistats/tscb_2/single_task: R2 = 0.7377 +/- 0.0129
  pooled/multistats/tscb_2/norm_w_denoise: R2 = 0.6816 +/- 0.0119
  pooled/multistats/tscb_2/norm_balanced: R2 = 0.7130 +/- 0.0075
  pooled/multistats/tscb_2/norm_w_t60: R2 = 0.7374 +/- 0.0091

Leave-one-split-out probe (deterministic)
  l1o/mean/encoder/single_task: R2 = 0.4714 +/- 0.0585
  l1o/mean/encoder/norm_w_denoise: R2 = 0.4578 +/- 0.0511
  l1o/mean/encoder/norm_balanced: R2 = 0.4566 +/- 0.0473
  l1o/mean/encoder/norm_w_t60: R2 = 0.4796 +/- 0.0378
  l1o/mean/tscb_1/single_task: R2 = 0.6271 +/- 0.0376
  l1o/mean/tscb_1/norm_w_denoise: R2 = 0.5661 +/- 0.0333
  l1o/mean/tscb_1/norm_balanced: R2 = 0.6035 +/- 0.0177
  l1o/mean/tscb_1/norm_w_t60: R2 = 0.6433 +/- 0.0156
  l1o/mean/tscb_2/single_task: R2 = 0.7254 +/- 0.0135
  l1o/mean/tscb_2/norm_w_denoise: R2 = 0.6413 +/- 0.0188
  l1o/mean/tscb_2/norm_balanced: R2 = 0.6829 +/- 0.0154
  l1o/mean/tscb_2/norm_w_t60: R2 = 0.7209 +/- 0.0033
  l1o/multistats/encoder/single_task: R2 = 0.5081 +/- 0.0714
  l1o/multistats/encoder/norm_w_denoise: R2 = 0.5215 +/- 0.0613
  l1o/multistats/encoder/norm_balanced: R2 = 0.5139 +/- 0.0530
  l1o/multistats/encoder/norm_w_t60: R2 = 0.5095 +/- 0.0452
  l1o/multistats/tscb_1/single_task: R2 = 0.6590 +/- 0.0297
  l1o/multistats/tscb_1/norm_w_denoise: R2 = 0.5905 +/- 0.0429
  l1o/multistats/tscb_1/norm_balanced: R2 = 0.6442 +/- 0.0171
  l1o/multistats/tscb_1/norm_w_t60: R2 = 0.6665 +/- 0.0098
  l1o/multistats/tscb_2/single_task: R2 = 0.7293 +/- 0.0160
  l1o/multistats/tscb_2/norm_w_denoise: R2 = 0.6573 +/- 0.0297
  l1o/multistats/tscb_2/norm_balanced: R2 = 0.7039 +/- 0.0198
  l1o/multistats/tscb_2/norm_w_t60: R2 = 0.7233 +/- 0.0011

Paired deltas vs single_task
  delta[pooled/mean/encoder] norm_w_denoise - single_task = -0.0119 +/- 0.0161
  delta[pooled/mean/tscb_1] norm_w_denoise - single_task = -0.0507 +/- 0.0183
  delta[pooled/mean/tscb_2] norm_w_denoise - single_task = -0.0754 +/- 0.0117
  delta[pooled/multistats/encoder] norm_w_denoise - single_task = -0.0015 +/- 0.0196
  delta[pooled/multistats/tscb_1] norm_w_denoise - single_task = -0.0464 +/- 0.0173
  delta[pooled/multistats/tscb_2] norm_w_denoise - single_task = -0.0561 +/- 0.0176
  delta[l1o/mean/encoder] norm_w_denoise - single_task = -0.0136 +/- 0.0777
  delta[l1o/mean/tscb_1] norm_w_denoise - single_task = -0.0610 +/- 0.0502
  delta[l1o/mean/tscb_2] norm_w_denoise - single_task = -0.0841 +/- 0.0232
  delta[l1o/multistats/encoder] norm_w_denoise - single_task = +0.0134 +/- 0.0941
  delta[l1o/multistats/tscb_1] norm_w_denoise - single_task = -0.0685 +/- 0.0521
  delta[l1o/multistats/tscb_2] norm_w_denoise - single_task = -0.0720 +/- 0.0338

Done: /mnt/tidal-sh01/usr/chuan/youling/project/11/multitask-experiments/kan-multitask/paper_cka_analysis/results
