nohup: ignoring input
[信息] 抽样 20 条 RIR 验证
  T60_0.081.wav  原T60=0.383  目标=0.325  反算=0.274  误差=15.80%  ✗
  T60_0.081.wav  原T60=0.383  目标=0.383  反算=0.383  误差=0.00%  ✓
  T60_0.081.wav  原T60=0.383  目标=0.440  反算=0.489  误差=11.16%  ✗
  T60_0.177_001.wav  原T60=0.346  目标=0.294  反算=0.251  误差=14.53%  ✗
  T60_0.177_001.wav  原T60=0.346  目标=0.346  反算=0.346  误差=0.00%  ✓
  T60_0.177_001.wav  原T60=0.346  目标=0.398  反算=0.448  误差=12.44%  ✗
  T60_0.203_000.wav  原T60=0.311  目标=0.264  反算=0.225  误差=14.83%  ✗
  T60_0.203_000.wav  原T60=0.311  目标=0.311  反算=0.311  误差=0.00%  ✓
  T60_0.203_000.wav  原T60=0.311  目标=0.357  反算=0.395  误差=10.43%  ✗
  T60_0.232_001.wav  原T60=0.312  目标=0.266  反算=0.225  误差=15.43%  ✗
  T60_0.232_001.wav  原T60=0.312  目标=0.312  反算=0.312  误差=0.00%  ✓
  T60_0.232_001.wav  原T60=0.312  目标=0.359  反算=0.409  误差=13.73%  ✗
  T60_0.277_001.wav  原T60=0.707  目标=0.601  反算=0.534  误差=11.23%  ✗
  T60_0.277_001.wav  原T60=0.707  目标=0.707  反算=0.707  误差=0.00%  ✓
  T60_0.277_001.wav  原T60=0.707  目标=0.813  反算=0.922  误差=13.36%  ✗
  T60_0.327.wav  原T60=0.535  目标=0.455  反算=0.407  误差=10.50%  ✗
  T60_0.327.wav  原T60=0.535  目标=0.535  反算=0.535  误差=0.00%  ✓
  T60_0.327.wav  原T60=0.535  目标=0.615  反算=0.704  误差=14.36%  ✗
  T60_0.359_000.wav  原T60=0.437  目标=0.371  反算=0.319  误差=14.05%  ✗
  T60_0.359_000.wav  原T60=0.437  目标=0.437  反算=0.437  误差=0.00%  ✓
  T60_0.359_000.wav  原T60=0.437  目标=0.503  反算=0.571  误差=13.60%  ✗
  T60_0.426_000.wav  原T60=0.656  目标=0.558  反算=0.481  误差=13.75%  ✗
  T60_0.426_000.wav  原T60=0.656  目标=0.656  反算=0.656  误差=0.00%  ✓
  T60_0.426_000.wav  原T60=0.656  目标=0.754  反算=0.845  误差=11.94%  ✗
  T60_0.470_001.wav  原T60=0.566  目标=0.481  反算=0.423  误差=12.06%  ✗
  T60_0.470_001.wav  原T60=0.566  目标=0.566  反算=0.566  误差=0.00%  ✓
  T60_0.470_001.wav  原T60=0.566  目标=0.650  反算=0.746  误差=14.66%  ✗
  T60_0.532_000.wav  原T60=0.864  目标=0.735  反算=0.657  误差=10.64%  ✗
  T60_0.532_000.wav  原T60=0.864  目标=0.864  反算=0.864  误差=0.00%  ✓
  T60_0.532_000.wav  原T60=0.864  目标=0.994  反算=1.131  误差=13.83%  ✗
  T60_0.592.wav  原T60=1.058  目标=0.899  反算=0.803  误差=10.66%  ✗
  T60_0.592.wav  原T60=1.058  目标=1.058  反算=1.058  误差=0.00%  ✓
  T60_0.592.wav  原T60=1.058  目标=1.216  反算=1.378  误差=13.32%  ✗
  T60_0.655_001.wav  原T60=0.889  目标=0.756  反算=0.660  误差=12.70%  ✗
  T60_0.655_001.wav  原T60=0.889  目标=0.889  反算=0.889  误差=0.00%  ✓
  T60_0.655_001.wav  原T60=0.889  目标=1.023  反算=1.164  误差=13.86%  ✗
  T60_0.724.wav  原T60=1.077  目标=0.915  反算=0.803  误差=12.27%  ✗
  T60_0.724.wav  原T60=1.077  目标=1.077  反算=1.077  误差=0.00%  ✓
  T60_0.724.wav  原T60=1.077  目标=1.238  反算=1.418  误差=14.52%  ✗
  T60_0.781_003.wav  原T60=0.905  目标=0.769  反算=0.669  误差=13.05%  ✗
  T60_0.781_003.wav  原T60=0.905  目标=0.905  反算=0.905  误差=0.00%  ✓
  T60_0.781_003.wav  原T60=0.905  目标=1.040  反算=1.193  误差=14.69%  ✗
  T60_0.868.wav  原T60=1.117  目标=0.950  反算=0.827  误差=12.94%  ✗
  T60_0.868.wav  原T60=1.117  目标=1.117  反算=1.117  误差=0.00%  ✓
  T60_0.868.wav  原T60=1.117  目标=1.285  反算=1.470  误差=14.40%  ✗
  T60_0.930.wav  原T60=1.156  目标=0.982  反算=0.858  误差=12.66%  ✗
  T60_0.930.wav  原T60=1.156  目标=1.156  反算=1.156  误差=0.00%  ✓
  T60_0.930.wav  原T60=1.156  目标=1.329  反算=1.516  误差=14.06%  ✗
  T60_1.024.wav  原T60=1.803  目标=1.500  反算=1.336  误差=10.94%  ✗
  T60_1.024.wav  原T60=1.803  目标=1.532  反算=1.383  误差=9.74%  ✗
  T60_1.024.wav  原T60=1.803  目标=1.803  反算=1.803  误差=0.00%  ✓
  T60_1.144_001.wav  原T60=1.368  目标=1.163  反算=1.030  误差=11.44%  ✗
  T60_1.144_001.wav  原T60=1.368  目标=1.368  反算=1.368  误差=0.00%  ✓
  T60_1.144_001.wav  原T60=1.368  目标=1.500  反算=1.620  误差=8.02%  ✗
  T60_1.268.wav  原T60=2.134  目标=1.500  反算=1.179  误差=21.39%  ✗
  T60_1.268.wav  原T60=2.134  目标=1.814  反算=1.631  误差=10.10%  ✗
  T60_1.268.wav  原T60=2.134  目标=2.134  反算=2.134  误差=0.00%  ✓
  T60_1.484.wav  原T60=1.718  目标=1.460  反算=1.275  误差=12.68%  ✗
  T60_1.484.wav  原T60=1.718  目标=1.500  反算=1.345  误差=10.31%  ✗
  T60_1.484.wav  原T60=1.718  目标=1.718  反算=1.718  误差=0.00%  ✓

==================================================
验证汇总（60 个点）
  平均误差: 8.60%
  最大误差: 21.39%
  误差<5% 通过率: 33.3%
==================================================
⚠️  结论：误差偏高，需排查（直达声截断/噪声尾）

[输出] 报告已存 verify_t60_report.csv
